// Jest Snapshot v1, https://goo.gl/fbAQLP

exports[`Molecules Badge Check Badge Test 1`] = `
<div
  class="rounded-full select-none text-black bg-badge-bg"
>
  <p>
    test
  </p>
   
  <!---->
</div>
`;
