// Jest Snapshot v1, https://goo.gl/fbAQLP

exports[`Molecules Empty Check Empty Test 1`] = `
<div
  class="flex items-center justify-center flex-col h-50"
>
  <div
    class="mb-1"
  >
    <svg
      class="w-7 h-7 fill-current text-bdColor"
      style="width: 40px; height: 40px;"
      viewBox="0 0 24 24"
    >
      <path
        d="M11,15H13V17H11V15M11,7H13V13H11V7M12,2C6.47,2 2,6.5 2,12A10,10 0 0,0 12,22A10,10 0 0,0 22,12A10,10 0 0,0 12,2M12,20A8,8 0 0,1 4,12A8,8 0 0,1 12,4A8,8 0 0,1 20,12A8,8 0 0,1 12,20Z"
      />
    </svg>
  </div>
   
  <p
    class="text-center text-black-light"
  />
</div>
`;
