// Jest Snapshot v1, https://goo.gl/fbAQLP

exports[`Atoms MenuBtn Check MenuBtn Test 1`] = `
<button
  class="flex justify-center items-center leading-5 whitespace-no-wrap btn text-black "
  type="button"
/>
`;
