// Jest Snapshot v1, https://goo.gl/fbAQLP

exports[`Atoms Radio Check Radio Test 1`] = `
<label
  class="inline-flex items-center"
>
  <input
    class="form-radio h-4 w-4 mr-1"
    name=""
    type="radio"
    value=""
  />
   
  <span
    class="default"
  >
    
  </span>
</label>
`;
